// Jest Snapshot v1, https://goo.gl/fbAQLP

exports[`Test Dijkstra component renders app 1`] = `
Object {
  "asFragment": [Function],
  "baseElement": <body>
    <div>
      <div
        class="App"
      >
        <img
          alt="graph diagram"
          class="diagram"
          src="diagram.jpg"
        />
        <h1
          class="App-header"
        >
          Find the Shortest Path
        </h1>
        <div>
          <label
            for="startNode"
          >
            Please enter a start point
          </label>
          <input
            class="startNode"
            name="startNode"
            type="text"
            value=""
          />
          <label
            for="endNode"
          >
            Please enter an end point
          </label>
          <input
            name="endNode"
            type="text"
            value=""
          />
        </div>
      </div>
    </div>
  </body>,
  "container": <div>
    <div
      class="App"
    >
      <img
        alt="graph diagram"
        class="diagram"
        src="diagram.jpg"
      />
      <h1
        class="App-header"
      >
        Find the Shortest Path
      </h1>
      <div>
        <label
          for="startNode"
        >
          Please enter a start point
        </label>
        <input
          class="startNode"
          name="startNode"
          type="text"
          value=""
        />
        <label
          for="endNode"
        >
          Please enter an end point
        </label>
        <input
          name="endNode"
          type="text"
          value=""
        />
      </div>
    </div>
  </div>,
  "debug": [Function],
  "findAllByAltText": [Function],
  "findAllByDisplayValue": [Function],
  "findAllByLabelText": [Function],
  "findAllByPlaceholderText": [Function],
  "findAllByRole": [Function],
  "findAllByTestId": [Function],
  "findAllByText": [Function],
  "findAllByTitle": [Function],
  "findByAltText": [Function],
  "findByDisplayValue": [Function],
  "findByLabelText": [Function],
  "findByPlaceholderText": [Function],
  "findByRole": [Function],
  "findByTestId": [Function],
  "findByText": [Function],
  "findByTitle": [Function],
  "getAllByAltText": [Function],
  "getAllByDisplayValue": [Function],
  "getAllByLabelText": [Function],
  "getAllByPlaceholderText": [Function],
  "getAllByRole": [Function],
  "getAllByTestId": [Function],
  "getAllByText": [Function],
  "getAllByTitle": [Function],
  "getByAltText": [Function],
  "getByDisplayValue": [Function],
  "getByLabelText": [Function],
  "getByPlaceholderText": [Function],
  "getByRole": [Function],
  "getByTestId": [Function],
  "getByText": [Function],
  "getByTitle": [Function],
  "queryAllByAltText": [Function],
  "queryAllByDisplayValue": [Function],
  "queryAllByLabelText": [Function],
  "queryAllByPlaceholderText": [Function],
  "queryAllByRole": [Function],
  "queryAllByTestId": [Function],
  "queryAllByText": [Function],
  "queryAllByTitle": [Function],
  "queryByAltText": [Function],
  "queryByDisplayValue": [Function],
  "queryByLabelText": [Function],
  "queryByPlaceholderText": [Function],
  "queryByRole": [Function],
  "queryByTestId": [Function],
  "queryByText": [Function],
  "queryByTitle": [Function],
  "rerender": [Function],
  "unmount": [Function],
}
`;

exports[`Test Dijkstra component should not display result paragraph in snapshot when only one input is added 1`] = `
<div>
  <div
    class="App"
  >
    <img
      alt="graph diagram"
      class="diagram"
      src="diagram.jpg"
    />
    <h1
      class="App-header"
    >
      Find the Shortest Path
    </h1>
    <div>
      <label
        for="startNode"
      >
        Please enter a start point
      </label>
      <input
        class="startNode"
        name="startNode"
        type="text"
        value="H"
      />
      <label
        for="endNode"
      >
        Please enter an end point
      </label>
      <input
        name="endNode"
        type="text"
        value=""
      />
    </div>
  </div>
</div>
`;
